C51 COMPILER V9.57.0.0   INT                                                               07/05/2018 13:20:26 PAGE 1   


C51 COMPILER V9.57.0.0, COMPILATION OF MODULE INT
OBJECT MODULE PLACED IN .\Objects\int.obj
COMPILER INVOKED BY: D:\Programas\Keil C51\C51\BIN\C51.EXE int.c OPTIMIZE(8,SPEED) BROWSE INCDIR(D:\Programas\Nordic Sem
                    -iconductor\nRFgo SDK 2.3.0.10040\source_code\compiler\common;D:\Programas\Nordic Semiconductor\nRFgo SDK 2.3.0.10040\sou
                    -rce_code\hal\nrf24le1;D:\Programas\Nordic Semiconductor\nRFgo SDK 2.3.0.10040\nrf;..\..\..\nrf24le1\nRF24LE1\libraries\n
                    -rf\source_code\hal) DEBUG OBJECTEXTEND PRINT(.\Listings\int.lst) TABS(2) OBJECT(.\Objects\int.obj)

line level    source

*** WARNING C500 IN LINE 1 OF int.c: LICENSE ERROR (R230(2): CONNECT TO UVISION KERNEL FAILED)

   1          #include <Nordic\reg24le1.h>
   2          #include <stdint.h>
   3          #include <nRF-SPICommands.h>
   4          #include <reg24le1.h>
   5          #include <timer0.h>
   6          
   7          #define LED P03
   8          int cont=0;
   9          
  10          void ISR(void) interrupt INTERRUPT_TMR0
  11          {
  12   1          cont++;
  13   1          TH0= 0XFF;
  14   1          TL0= 0x9C;
  15   1          if(cont<=50000) 
  16   1          {
  17   2            LED = 1;
  18   2            delay_ms(500);
*** WARNING C206 IN LINE 18 OF int.c: 'delay_ms': missing function-prototype
*** ERROR C267 IN LINE 18 OF int.c: 'delay_ms': requires ANSI-style prototype
  19   2            LED = 0;
  20   2            delay_ms(500);
  21   2            LED = 1;
  22   2            delay_ms(500);
  23   2            LED = 0;
  24   2          }
  25   1      }
  26          
  27          int main(){
  28   1        P0DIR = 0xF7; //1111 0111
  29   1        TMOD=0x31;            // Select Timer 1 --> STOPPED, Timer 0 --> TIMER/16 bits
  30   1        TH0= 0XFF; 
  31   1        TL0= 0X9C;
  32   1        IEN0 = ~(0xF7); //habilitando interrupção para estouro do timer 1
  33   1        while(1){
  34   2        }
  35   1        
  36   1      return 0;
  37   1      }

C51 COMPILATION COMPLETE.  2 WARNING(S),  1 ERROR(S)
